[INFO] Scanning for projects...
[INFO] ------------------------------------------------------------------------
[INFO] Reactor Build Order:
[INFO] 
[INFO] occupation-platform                                                [pom]
[INFO] occupation-common                                                  [jar]
[INFO] occupation-auth                                                    [jar]
[INFO] occupation-crawler                                                 [jar]
[INFO] occupation-analysis                                                [jar]
[INFO] occupation-report                                                  [jar]
[INFO] occupation-recommend                                               [jar]
[INFO] occupation-api                                                     [jar]
[INFO] occupation-web                                                     [jar]
[INFO] 
[INFO] -----------------< com.occupation:occupation-platform >-----------------
[INFO] Building occupation-platform 1.0.0-SNAPSHOT                        [1/9]
[INFO]   from pom.xml
[INFO] --------------------------------[ pom ]---------------------------------
[INFO] 
[INFO] ------------------< com.occupation:occupation-common >------------------
[INFO] Building occupation-common 1.0.0-SNAPSHOT                          [2/9]
[INFO]   from occupation-common\pom.xml
[INFO] --------------------------------[ jar ]---------------------------------
[INFO] 
[INFO] --- maven-resources-plugin:3.2.0:resources (default-resources) @ occupation-common ---
[INFO] Using 'UTF-8' encoding to copy filtered resources.
[INFO] Using 'UTF-8' encoding to copy filtered properties files.
[INFO] Copying 0 resource
[INFO] Copying 1 resource
[INFO] 
[INFO] --- maven-compiler-plugin:3.10.1:compile (default-compile) @ occupation-common ---
[INFO] Changes detected - recompiling the module!
[INFO] Compiling 24 source files to E:\occupation\occupation-common\target\classes
[WARNING] Error creating missing package info classes
java.nio.file.NoSuchFileException: E:\occupation\occupation-common\target\classes\com\occupation\common\utils\package-info.class
    at sun.nio.fs.WindowsException.translateToIOException (WindowsException.java:85)
    at sun.nio.fs.WindowsException.rethrowAsIOException (WindowsException.java:103)
    at sun.nio.fs.WindowsException.rethrowAsIOException (WindowsException.java:108)
    at sun.nio.fs.WindowsFileSystemProvider.newByteChannel (WindowsFileSystemProvider.java:234)
    at java.nio.file.spi.FileSystemProvider.newOutputStream (FileSystemProvider.java:484)
    at java.nio.file.Files.newOutputStream (Files.java:227)
    at java.nio.file.Files.write (Files.java:3487)
    at org.apache.maven.plugin.compiler.AbstractCompilerMojo.createMissingPackageInfoClasses (AbstractCompilerMojo.java:1364)
    at org.apache.maven.plugin.compiler.AbstractCompilerMojo.execute (AbstractCompilerMojo.java:1229)
    at org.apache.maven.plugin.compiler.CompilerMojo.execute (CompilerMojo.java:198)
    at org.apache.maven.plugin.DefaultBuildPluginManager.executeMojo (DefaultBuildPluginManager.java:137)
    at org.apache.maven.lifecycle.internal.MojoExecutor.doExecute2 (MojoExecutor.java:370)
    at org.apache.maven.lifecycle.internal.MojoExecutor.doExecute (MojoExecutor.java:351)
    at org.apache.maven.lifecycle.internal.MojoExecutor.execute (MojoExecutor.java:215)
    at org.apache.maven.lifecycle.internal.MojoExecutor.execute (MojoExecutor.java:171)
    at org.apache.maven.lifecycle.internal.MojoExecutor.execute (MojoExecutor.java:163)
    at org.apache.maven.lifecycle.internal.LifecycleModuleBuilder.buildProject (LifecycleModuleBuilder.java:117)
    at org.apache.maven.lifecycle.internal.LifecycleModuleBuilder.buildProject (LifecycleModuleBuilder.java:81)
    at org.apache.maven.lifecycle.internal.builder.singlethreaded.SingleThreadedBuilder.build (SingleThreadedBuilder.java:56)
    at org.apache.maven.lifecycle.internal.LifecycleStarter.execute (LifecycleStarter.java:128)
    at org.apache.maven.DefaultMaven.doExecute (DefaultMaven.java:299)
    at org.apache.maven.DefaultMaven.doExecute (DefaultMaven.java:193)
    at org.apache.maven.DefaultMaven.execute (DefaultMaven.java:106)
    at org.apache.maven.cli.MavenCli.execute (MavenCli.java:963)
    at org.apache.maven.cli.MavenCli.doMain (MavenCli.java:296)
    at org.apache.maven.cli.MavenCli.main (MavenCli.java:199)
    at jdk.internal.reflect.DirectMethodHandleAccessor.invoke (DirectMethodHandleAccessor.java:104)
    at java.lang.reflect.Method.invoke (Method.java:578)
    at org.codehaus.plexus.classworlds.launcher.Launcher.launchEnhanced (Launcher.java:282)
    at org.codehaus.plexus.classworlds.launcher.Launcher.launch (Launcher.java:225)
    at org.codehaus.plexus.classworlds.launcher.Launcher.mainWithExitCode (Launcher.java:406)
    at org.codehaus.plexus.classworlds.launcher.Launcher.main (Launcher.java:347)
[INFO] 
[INFO] --- maven-resources-plugin:3.2.0:testResources (default-testResources) @ occupation-common ---
[INFO] Using 'UTF-8' encoding to copy filtered resources.
[INFO] Using 'UTF-8' encoding to copy filtered properties files.
[INFO] skip non existing resourceDirectory E:\occupation\occupation-common\src\test\resources
[INFO] 
[INFO] --- maven-compiler-plugin:3.10.1:testCompile (default-testCompile) @ occupation-common ---
[INFO] No sources to compile
[INFO] 
[INFO] --- maven-surefire-plugin:2.22.2:test (default-test) @ occupation-common ---
[INFO] Tests are skipped.
[INFO] 
[INFO] --- maven-jar-plugin:3.2.2:jar (default-jar) @ occupation-common ---
[INFO] Building jar: E:\occupation\occupation-common\target\occupation-common-1.0.0-SNAPSHOT.jar
[INFO] 
[INFO] -------------------< com.occupation:occupation-auth >-------------------
[INFO] Building occupation-auth 1.0.0-SNAPSHOT                            [3/9]
[INFO]   from occupation-auth\pom.xml
[INFO] --------------------------------[ jar ]---------------------------------
[INFO] 
[INFO] --- maven-resources-plugin:3.2.0:resources (default-resources) @ occupation-auth ---
[INFO] Using 'UTF-8' encoding to copy filtered resources.
[INFO] Using 'UTF-8' encoding to copy filtered properties files.
[INFO] skip non existing resourceDirectory E:\occupation\occupation-auth\src\main\resources
[INFO] skip non existing resourceDirectory E:\occupation\occupation-auth\src\main\resources
[INFO] 
[INFO] --- maven-compiler-plugin:3.10.1:compile (default-compile) @ occupation-auth ---
[INFO] Changes detected - recompiling the module!
[INFO] Compiling 23 source files to E:\occupation\occupation-auth\target\classes
[INFO] 
[INFO] --- maven-resources-plugin:3.2.0:testResources (default-testResources) @ occupation-auth ---
[INFO] Using 'UTF-8' encoding to copy filtered resources.
[INFO] Using 'UTF-8' encoding to copy filtered properties files.
[INFO] skip non existing resourceDirectory E:\occupation\occupation-auth\src\test\resources
[INFO] 
[INFO] --- maven-compiler-plugin:3.10.1:testCompile (default-testCompile) @ occupation-auth ---
[INFO] No sources to compile
[INFO] 
[INFO] --- maven-surefire-plugin:2.22.2:test (default-test) @ occupation-auth ---
[INFO] Tests are skipped.
[INFO] 
[INFO] --- maven-jar-plugin:3.2.2:jar (default-jar) @ occupation-auth ---
[INFO] Building jar: E:\occupation\occupation-auth\target\occupation-auth-1.0.0-SNAPSHOT.jar
[INFO] 
[INFO] -----------------< com.occupation:occupation-crawler >------------------
[INFO] Building occupation-crawler 1.0.0-SNAPSHOT                         [4/9]
[INFO]   from occupation-crawler\pom.xml
[INFO] --------------------------------[ jar ]---------------------------------
[INFO] 
[INFO] --- maven-resources-plugin:3.2.0:resources (default-resources) @ occupation-crawler ---
[INFO] Using 'UTF-8' encoding to copy filtered resources.
[INFO] Using 'UTF-8' encoding to copy filtered properties files.
[INFO] Copying 0 resource
[INFO] Copying 1 resource
[INFO] 
[INFO] --- maven-compiler-plugin:3.10.1:compile (default-compile) @ occupation-crawler ---
[INFO] Changes detected - recompiling the module!
[INFO] Compiling 24 source files to E:\occupation\occupation-crawler\target\classes
[INFO] 
[INFO] --- maven-resources-plugin:3.2.0:testResources (default-testResources) @ occupation-crawler ---
[INFO] Using 'UTF-8' encoding to copy filtered resources.
[INFO] Using 'UTF-8' encoding to copy filtered properties files.
[INFO] skip non existing resourceDirectory E:\occupation\occupation-crawler\src\test\resources
[INFO] 
[INFO] --- maven-compiler-plugin:3.10.1:testCompile (default-testCompile) @ occupation-crawler ---
[INFO] No sources to compile
[INFO] 
[INFO] --- maven-surefire-plugin:2.22.2:test (default-test) @ occupation-crawler ---
[INFO] Tests are skipped.
[INFO] 
[INFO] --- maven-jar-plugin:3.2.2:jar (default-jar) @ occupation-crawler ---
[INFO] Building jar: E:\occupation\occupation-crawler\target\occupation-crawler-1.0.0-SNAPSHOT.jar
[INFO] 
[INFO] -----------------< com.occupation:occupation-analysis >-----------------
[INFO] Building occupation-analysis 1.0.0-SNAPSHOT                        [5/9]
[INFO]   from occupation-analysis\pom.xml
[INFO] --------------------------------[ jar ]---------------------------------
[INFO] 
[INFO] --- maven-resources-plugin:3.2.0:resources (default-resources) @ occupation-analysis ---
[INFO] Using 'UTF-8' encoding to copy filtered resources.
[INFO] Using 'UTF-8' encoding to copy filtered properties files.
[INFO] skip non existing resourceDirectory E:\occupation\occupation-analysis\src\main\resources
[INFO] skip non existing resourceDirectory E:\occupation\occupation-analysis\src\main\resources
[INFO] 
[INFO] --- maven-compiler-plugin:3.10.1:compile (default-compile) @ occupation-analysis ---
[INFO] Changes detected - recompiling the module!
[INFO] Compiling 28 source files to E:\occupation\occupation-analysis\target\classes
[WARNING] Error creating missing package info classes
java.nio.file.NoSuchFileException: E:\occupation\occupation-analysis\target\classes\com\occupation\analysis\config\package-info.class
    at sun.nio.fs.WindowsException.translateToIOException (WindowsException.java:85)
    at sun.nio.fs.WindowsException.rethrowAsIOException (WindowsException.java:103)
    at sun.nio.fs.WindowsException.rethrowAsIOException (WindowsException.java:108)
    at sun.nio.fs.WindowsFileSystemProvider.newByteChannel (WindowsFileSystemProvider.java:234)
    at java.nio.file.spi.FileSystemProvider.newOutputStream (FileSystemProvider.java:484)
    at java.nio.file.Files.newOutputStream (Files.java:227)
    at java.nio.file.Files.write (Files.java:3487)
    at org.apache.maven.plugin.compiler.AbstractCompilerMojo.createMissingPackageInfoClasses (AbstractCompilerMojo.java:1364)
    at org.apache.maven.plugin.compiler.AbstractCompilerMojo.execute (AbstractCompilerMojo.java:1229)
    at org.apache.maven.plugin.compiler.CompilerMojo.execute (CompilerMojo.java:198)
    at org.apache.maven.plugin.DefaultBuildPluginManager.executeMojo (DefaultBuildPluginManager.java:137)
    at org.apache.maven.lifecycle.internal.MojoExecutor.doExecute2 (MojoExecutor.java:370)
    at org.apache.maven.lifecycle.internal.MojoExecutor.doExecute (MojoExecutor.java:351)
    at org.apache.maven.lifecycle.internal.MojoExecutor.execute (MojoExecutor.java:215)
    at org.apache.maven.lifecycle.internal.MojoExecutor.execute (MojoExecutor.java:171)
    at org.apache.maven.lifecycle.internal.MojoExecutor.execute (MojoExecutor.java:163)
    at org.apache.maven.lifecycle.internal.LifecycleModuleBuilder.buildProject (LifecycleModuleBuilder.java:117)
    at org.apache.maven.lifecycle.internal.LifecycleModuleBuilder.buildProject (LifecycleModuleBuilder.java:81)
    at org.apache.maven.lifecycle.internal.builder.singlethreaded.SingleThreadedBuilder.build (SingleThreadedBuilder.java:56)
    at org.apache.maven.lifecycle.internal.LifecycleStarter.execute (LifecycleStarter.java:128)
    at org.apache.maven.DefaultMaven.doExecute (DefaultMaven.java:299)
    at org.apache.maven.DefaultMaven.doExecute (DefaultMaven.java:193)
    at org.apache.maven.DefaultMaven.execute (DefaultMaven.java:106)
    at org.apache.maven.cli.MavenCli.execute (MavenCli.java:963)
    at org.apache.maven.cli.MavenCli.doMain (MavenCli.java:296)
    at org.apache.maven.cli.MavenCli.main (MavenCli.java:199)
    at jdk.internal.reflect.DirectMethodHandleAccessor.invoke (DirectMethodHandleAccessor.java:104)
    at java.lang.reflect.Method.invoke (Method.java:578)
    at org.codehaus.plexus.classworlds.launcher.Launcher.launchEnhanced (Launcher.java:282)
    at org.codehaus.plexus.classworlds.launcher.Launcher.launch (Launcher.java:225)
    at org.codehaus.plexus.classworlds.launcher.Launcher.mainWithExitCode (Launcher.java:406)
    at org.codehaus.plexus.classworlds.launcher.Launcher.main (Launcher.java:347)
[INFO] 
[INFO] --- maven-resources-plugin:3.2.0:testResources (default-testResources) @ occupation-analysis ---
[INFO] Using 'UTF-8' encoding to copy filtered resources.
[INFO] Using 'UTF-8' encoding to copy filtered properties files.
[INFO] skip non existing resourceDirectory E:\occupation\occupation-analysis\src\test\resources
[INFO] 
[INFO] --- maven-compiler-plugin:3.10.1:testCompile (default-testCompile) @ occupation-analysis ---
[INFO] No sources to compile
[INFO] 
[INFO] --- maven-surefire-plugin:2.22.2:test (default-test) @ occupation-analysis ---
[INFO] Tests are skipped.
[INFO] 
[INFO] --- maven-jar-plugin:3.2.2:jar (default-jar) @ occupation-analysis ---
[INFO] Building jar: E:\occupation\occupation-analysis\target\occupation-analysis-1.0.0-SNAPSHOT.jar
[INFO] 
[INFO] ------------------< com.occupation:occupation-report >------------------
[INFO] Building occupation-report 1.0.0-SNAPSHOT                          [6/9]
[INFO]   from occupation-report\pom.xml
[INFO] --------------------------------[ jar ]---------------------------------
[INFO] 
[INFO] --- maven-resources-plugin:3.2.0:resources (default-resources) @ occupation-report ---
[INFO] Using 'UTF-8' encoding to copy filtered resources.
[INFO] Using 'UTF-8' encoding to copy filtered properties files.
[INFO] skip non existing resourceDirectory E:\occupation\occupation-report\src\main\resources
[INFO] skip non existing resourceDirectory E:\occupation\occupation-report\src\main\resources
[INFO] 
[INFO] --- maven-compiler-plugin:3.10.1:compile (default-compile) @ occupation-report ---
[INFO] Changes detected - recompiling the module!
[INFO] Compiling 24 source files to E:\occupation\occupation-report\target\classes
[WARNING] Error creating missing package info classes
java.nio.file.NoSuchFileException: E:\occupation\occupation-report\target\classes\com\occupation\report\config\package-info.class
    at sun.nio.fs.WindowsException.translateToIOException (WindowsException.java:85)
    at sun.nio.fs.WindowsException.rethrowAsIOException (WindowsException.java:103)
    at sun.nio.fs.WindowsException.rethrowAsIOException (WindowsException.java:108)
    at sun.nio.fs.WindowsFileSystemProvider.newByteChannel (WindowsFileSystemProvider.java:234)
    at java.nio.file.spi.FileSystemProvider.newOutputStream (FileSystemProvider.java:484)
    at java.nio.file.Files.newOutputStream (Files.java:227)
    at java.nio.file.Files.write (Files.java:3487)
    at org.apache.maven.plugin.compiler.AbstractCompilerMojo.createMissingPackageInfoClasses (AbstractCompilerMojo.java:1364)
    at org.apache.maven.plugin.compiler.AbstractCompilerMojo.execute (AbstractCompilerMojo.java:1229)
    at org.apache.maven.plugin.compiler.CompilerMojo.execute (CompilerMojo.java:198)
    at org.apache.maven.plugin.DefaultBuildPluginManager.executeMojo (DefaultBuildPluginManager.java:137)
    at org.apache.maven.lifecycle.internal.MojoExecutor.doExecute2 (MojoExecutor.java:370)
    at org.apache.maven.lifecycle.internal.MojoExecutor.doExecute (MojoExecutor.java:351)
    at org.apache.maven.lifecycle.internal.MojoExecutor.execute (MojoExecutor.java:215)
    at org.apache.maven.lifecycle.internal.MojoExecutor.execute (MojoExecutor.java:171)
    at org.apache.maven.lifecycle.internal.MojoExecutor.execute (MojoExecutor.java:163)
    at org.apache.maven.lifecycle.internal.LifecycleModuleBuilder.buildProject (LifecycleModuleBuilder.java:117)
    at org.apache.maven.lifecycle.internal.LifecycleModuleBuilder.buildProject (LifecycleModuleBuilder.java:81)
    at org.apache.maven.lifecycle.internal.builder.singlethreaded.SingleThreadedBuilder.build (SingleThreadedBuilder.java:56)
    at org.apache.maven.lifecycle.internal.LifecycleStarter.execute (LifecycleStarter.java:128)
    at org.apache.maven.DefaultMaven.doExecute (DefaultMaven.java:299)
    at org.apache.maven.DefaultMaven.doExecute (DefaultMaven.java:193)
    at org.apache.maven.DefaultMaven.execute (DefaultMaven.java:106)
    at org.apache.maven.cli.MavenCli.execute (MavenCli.java:963)
    at org.apache.maven.cli.MavenCli.doMain (MavenCli.java:296)
    at org.apache.maven.cli.MavenCli.main (MavenCli.java:199)
    at jdk.internal.reflect.DirectMethodHandleAccessor.invoke (DirectMethodHandleAccessor.java:104)
    at java.lang.reflect.Method.invoke (Method.java:578)
    at org.codehaus.plexus.classworlds.launcher.Launcher.launchEnhanced (Launcher.java:282)
    at org.codehaus.plexus.classworlds.launcher.Launcher.launch (Launcher.java:225)
    at org.codehaus.plexus.classworlds.launcher.Launcher.mainWithExitCode (Launcher.java:406)
    at org.codehaus.plexus.classworlds.launcher.Launcher.main (Launcher.java:347)
[INFO] 
[INFO] --- maven-resources-plugin:3.2.0:testResources (default-testResources) @ occupation-report ---
[INFO] Using 'UTF-8' encoding to copy filtered resources.
[INFO] Using 'UTF-8' encoding to copy filtered properties files.
[INFO] skip non existing resourceDirectory E:\occupation\occupation-report\src\test\resources
[INFO] 
[INFO] --- maven-compiler-plugin:3.10.1:testCompile (default-testCompile) @ occupation-report ---
[INFO] No sources to compile
[INFO] 
[INFO] --- maven-surefire-plugin:2.22.2:test (default-test) @ occupation-report ---
[INFO] Tests are skipped.
[INFO] 
[INFO] --- maven-jar-plugin:3.2.2:jar (default-jar) @ occupation-report ---
[INFO] Building jar: E:\occupation\occupation-report\target\occupation-report-1.0.0-SNAPSHOT.jar
[INFO] 
[INFO] ----------------< com.occupation:occupation-recommend >-----------------
[INFO] Building occupation-recommend 1.0.0-SNAPSHOT                       [7/9]
[INFO]   from occupation-recommend\pom.xml
[INFO] --------------------------------[ jar ]---------------------------------
[INFO] 
[INFO] --- maven-resources-plugin:3.2.0:resources (default-resources) @ occupation-recommend ---
[INFO] Using 'UTF-8' encoding to copy filtered resources.
[INFO] Using 'UTF-8' encoding to copy filtered properties files.
[INFO] skip non existing resourceDirectory E:\occupation\occupation-recommend\src\main\resources
[INFO] skip non existing resourceDirectory E:\occupation\occupation-recommend\src\main\resources
[INFO] 
[INFO] --- maven-compiler-plugin:3.10.1:compile (default-compile) @ occupation-recommend ---
[INFO] Changes detected - recompiling the module!
[INFO] Compiling 30 source files to E:\occupation\occupation-recommend\target\classes
[WARNING] Error creating missing package info classes
java.nio.file.NoSuchFileException: E:\occupation\occupation-recommend\target\classes\com\occupation\recommend\config\package-info.class
    at sun.nio.fs.WindowsException.translateToIOException (WindowsException.java:85)
    at sun.nio.fs.WindowsException.rethrowAsIOException (WindowsException.java:103)
    at sun.nio.fs.WindowsException.rethrowAsIOException (WindowsException.java:108)
    at sun.nio.fs.WindowsFileSystemProvider.newByteChannel (WindowsFileSystemProvider.java:234)
    at java.nio.file.spi.FileSystemProvider.newOutputStream (FileSystemProvider.java:484)
    at java.nio.file.Files.newOutputStream (Files.java:227)
    at java.nio.file.Files.write (Files.java:3487)
    at org.apache.maven.plugin.compiler.AbstractCompilerMojo.createMissingPackageInfoClasses (AbstractCompilerMojo.java:1364)
    at org.apache.maven.plugin.compiler.AbstractCompilerMojo.execute (AbstractCompilerMojo.java:1229)
    at org.apache.maven.plugin.compiler.CompilerMojo.execute (CompilerMojo.java:198)
    at org.apache.maven.plugin.DefaultBuildPluginManager.executeMojo (DefaultBuildPluginManager.java:137)
    at org.apache.maven.lifecycle.internal.MojoExecutor.doExecute2 (MojoExecutor.java:370)
    at org.apache.maven.lifecycle.internal.MojoExecutor.doExecute (MojoExecutor.java:351)
    at org.apache.maven.lifecycle.internal.MojoExecutor.execute (MojoExecutor.java:215)
    at org.apache.maven.lifecycle.internal.MojoExecutor.execute (MojoExecutor.java:171)
    at org.apache.maven.lifecycle.internal.MojoExecutor.execute (MojoExecutor.java:163)
    at org.apache.maven.lifecycle.internal.LifecycleModuleBuilder.buildProject (LifecycleModuleBuilder.java:117)
    at org.apache.maven.lifecycle.internal.LifecycleModuleBuilder.buildProject (LifecycleModuleBuilder.java:81)
    at org.apache.maven.lifecycle.internal.builder.singlethreaded.SingleThreadedBuilder.build (SingleThreadedBuilder.java:56)
    at org.apache.maven.lifecycle.internal.LifecycleStarter.execute (LifecycleStarter.java:128)
    at org.apache.maven.DefaultMaven.doExecute (DefaultMaven.java:299)
    at org.apache.maven.DefaultMaven.doExecute (DefaultMaven.java:193)
    at org.apache.maven.DefaultMaven.execute (DefaultMaven.java:106)
    at org.apache.maven.cli.MavenCli.execute (MavenCli.java:963)
    at org.apache.maven.cli.MavenCli.doMain (MavenCli.java:296)
    at org.apache.maven.cli.MavenCli.main (MavenCli.java:199)
    at jdk.internal.reflect.DirectMethodHandleAccessor.invoke (DirectMethodHandleAccessor.java:104)
    at java.lang.reflect.Method.invoke (Method.java:578)
    at org.codehaus.plexus.classworlds.launcher.Launcher.launchEnhanced (Launcher.java:282)
    at org.codehaus.plexus.classworlds.launcher.Launcher.launch (Launcher.java:225)
    at org.codehaus.plexus.classworlds.launcher.Launcher.mainWithExitCode (Launcher.java:406)
    at org.codehaus.plexus.classworlds.launcher.Launcher.main (Launcher.java:347)
[INFO] 
[INFO] --- maven-resources-plugin:3.2.0:testResources (default-testResources) @ occupation-recommend ---
[INFO] Using 'UTF-8' encoding to copy filtered resources.
[INFO] Using 'UTF-8' encoding to copy filtered properties files.
[INFO] skip non existing resourceDirectory E:\occupation\occupation-recommend\src\test\resources
[INFO] 
[INFO] --- maven-compiler-plugin:3.10.1:testCompile (default-testCompile) @ occupation-recommend ---
[INFO] No sources to compile
[INFO] 
[INFO] --- maven-surefire-plugin:2.22.2:test (default-test) @ occupation-recommend ---
[INFO] Tests are skipped.
[INFO] 
[INFO] --- maven-jar-plugin:3.2.2:jar (default-jar) @ occupation-recommend ---
[INFO] Building jar: E:\occupation\occupation-recommend\target\occupation-recommend-1.0.0-SNAPSHOT.jar
[INFO] 
[INFO] -------------------< com.occupation:occupation-api >--------------------
[INFO] Building occupation-api 1.0.0-SNAPSHOT                             [8/9]
[INFO]   from occupation-api\pom.xml
[INFO] --------------------------------[ jar ]---------------------------------
[INFO] 
[INFO] --- maven-resources-plugin:3.2.0:resources (default-resources) @ occupation-api ---
[INFO] Using 'UTF-8' encoding to copy filtered resources.
[INFO] Using 'UTF-8' encoding to copy filtered properties files.
[INFO] skip non existing resourceDirectory E:\occupation\occupation-api\src\main\resources
[INFO] skip non existing resourceDirectory E:\occupation\occupation-api\src\main\resources
[INFO] 
[INFO] --- maven-compiler-plugin:3.10.1:compile (default-compile) @ occupation-api ---
[INFO] Changes detected - recompiling the module!
[INFO] Compiling 21 source files to E:\occupation\occupation-api\target\classes
[INFO] /E:/occupation/occupation-api/src/main/java/com/occupation/api/service/impl/OpenDataServiceImpl.java: E:\occupation\occupation-api\src\main\java\com\occupation\api\service\impl\OpenDataServiceImpl.java使用了未经检查或不安全的操作。
[INFO] /E:/occupation/occupation-api/src/main/java/com/occupation/api/service/impl/OpenDataServiceImpl.java: 有关详细信息, 请使用 -Xlint:unchecked 重新编译。
[INFO] 
[INFO] --- maven-resources-plugin:3.2.0:testResources (default-testResources) @ occupation-api ---
[INFO] Using 'UTF-8' encoding to copy filtered resources.
[INFO] Using 'UTF-8' encoding to copy filtered properties files.
[INFO] skip non existing resourceDirectory E:\occupation\occupation-api\src\test\resources
[INFO] 
[INFO] --- maven-compiler-plugin:3.10.1:testCompile (default-testCompile) @ occupation-api ---
[INFO] No sources to compile
[INFO] 
[INFO] --- maven-surefire-plugin:2.22.2:test (default-test) @ occupation-api ---
[INFO] Tests are skipped.
[INFO] 
[INFO] --- maven-jar-plugin:3.2.2:jar (default-jar) @ occupation-api ---
[INFO] Building jar: E:\occupation\occupation-api\target\occupation-api-1.0.0-SNAPSHOT.jar
[INFO] 
[INFO] -------------------< com.occupation:occupation-web >--------------------
[INFO] Building occupation-web 1.0.0-SNAPSHOT                             [9/9]
[INFO]   from occupation-web\pom.xml
[INFO] --------------------------------[ jar ]---------------------------------
[INFO] 
[INFO] --- maven-resources-plugin:3.2.0:resources (default-resources) @ occupation-web ---
[INFO] Using 'UTF-8' encoding to copy filtered resources.
[INFO] Using 'UTF-8' encoding to copy filtered properties files.
[INFO] Copying 1 resource
[INFO] Copying 0 resource
[INFO] 
[INFO] --- maven-compiler-plugin:3.10.1:compile (default-compile) @ occupation-web ---
[INFO] Changes detected - recompiling the module!
[INFO] Compiling 12 source files to E:\occupation\occupation-web\target\classes
[WARNING] Error creating missing package info classes
java.nio.file.NoSuchFileException: E:\occupation\occupation-web\target\classes\com\occupation\web\service\package-info.class
    at sun.nio.fs.WindowsException.translateToIOException (WindowsException.java:85)
    at sun.nio.fs.WindowsException.rethrowAsIOException (WindowsException.java:103)
    at sun.nio.fs.WindowsException.rethrowAsIOException (WindowsException.java:108)
    at sun.nio.fs.WindowsFileSystemProvider.newByteChannel (WindowsFileSystemProvider.java:234)
    at java.nio.file.spi.FileSystemProvider.newOutputStream (FileSystemProvider.java:484)
    at java.nio.file.Files.newOutputStream (Files.java:227)
    at java.nio.file.Files.write (Files.java:3487)
    at org.apache.maven.plugin.compiler.AbstractCompilerMojo.createMissingPackageInfoClasses (AbstractCompilerMojo.java:1364)
    at org.apache.maven.plugin.compiler.AbstractCompilerMojo.execute (AbstractCompilerMojo.java:1229)
    at org.apache.maven.plugin.compiler.CompilerMojo.execute (CompilerMojo.java:198)
    at org.apache.maven.plugin.DefaultBuildPluginManager.executeMojo (DefaultBuildPluginManager.java:137)
    at org.apache.maven.lifecycle.internal.MojoExecutor.doExecute2 (MojoExecutor.java:370)
    at org.apache.maven.lifecycle.internal.MojoExecutor.doExecute (MojoExecutor.java:351)
    at org.apache.maven.lifecycle.internal.MojoExecutor.execute (MojoExecutor.java:215)
    at org.apache.maven.lifecycle.internal.MojoExecutor.execute (MojoExecutor.java:171)
    at org.apache.maven.lifecycle.internal.MojoExecutor.execute (MojoExecutor.java:163)
    at org.apache.maven.lifecycle.internal.LifecycleModuleBuilder.buildProject (LifecycleModuleBuilder.java:117)
    at org.apache.maven.lifecycle.internal.LifecycleModuleBuilder.buildProject (LifecycleModuleBuilder.java:81)
    at org.apache.maven.lifecycle.internal.builder.singlethreaded.SingleThreadedBuilder.build (SingleThreadedBuilder.java:56)
    at org.apache.maven.lifecycle.internal.LifecycleStarter.execute (LifecycleStarter.java:128)
    at org.apache.maven.DefaultMaven.doExecute (DefaultMaven.java:299)
    at org.apache.maven.DefaultMaven.doExecute (DefaultMaven.java:193)
    at org.apache.maven.DefaultMaven.execute (DefaultMaven.java:106)
    at org.apache.maven.cli.MavenCli.execute (MavenCli.java:963)
    at org.apache.maven.cli.MavenCli.doMain (MavenCli.java:296)
    at org.apache.maven.cli.MavenCli.main (MavenCli.java:199)
    at jdk.internal.reflect.DirectMethodHandleAccessor.invoke (DirectMethodHandleAccessor.java:104)
    at java.lang.reflect.Method.invoke (Method.java:578)
    at org.codehaus.plexus.classworlds.launcher.Launcher.launchEnhanced (Launcher.java:282)
    at org.codehaus.plexus.classworlds.launcher.Launcher.launch (Launcher.java:225)
    at org.codehaus.plexus.classworlds.launcher.Launcher.mainWithExitCode (Launcher.java:406)
    at org.codehaus.plexus.classworlds.launcher.Launcher.main (Launcher.java:347)
[INFO] 
[INFO] --- maven-resources-plugin:3.2.0:testResources (default-testResources) @ occupation-web ---
[INFO] Using 'UTF-8' encoding to copy filtered resources.
[INFO] Using 'UTF-8' encoding to copy filtered properties files.
[INFO] skip non existing resourceDirectory E:\occupation\occupation-web\src\test\resources
[INFO] 
[INFO] --- maven-compiler-plugin:3.10.1:testCompile (default-testCompile) @ occupation-web ---
[INFO] Changes detected - recompiling the module!
[INFO] Compiling 1 source file to E:\occupation\occupation-web\target\test-classes
[INFO] 
[INFO] --- maven-surefire-plugin:2.22.2:test (default-test) @ occupation-web ---
[INFO] Tests are skipped.
[INFO] 
[INFO] --- maven-jar-plugin:3.2.2:jar (default-jar) @ occupation-web ---
[INFO] Building jar: E:\occupation\occupation-web\target\occupation-web-1.0.0-SNAPSHOT.jar
[INFO] 
[INFO] --- spring-boot-maven-plugin:2.7.18:repackage (repackage) @ occupation-web ---
[INFO] ------------------------------------------------------------------------
[INFO] Reactor Summary for occupation-platform 1.0.0-SNAPSHOT:
[INFO] 
[INFO] occupation-platform ................................ SUCCESS [  0.006 s]
[INFO] occupation-common .................................. SUCCESS [  6.571 s]
[INFO] occupation-auth .................................... SUCCESS [  2.951 s]
[INFO] occupation-crawler ................................. SUCCESS [  3.150 s]
[INFO] occupation-analysis ................................ SUCCESS [  2.683 s]
[INFO] occupation-report .................................. SUCCESS [  2.507 s]
[INFO] occupation-recommend ............................... SUCCESS [  2.526 s]
[INFO] occupation-api ..................................... SUCCESS [  2.433 s]
[INFO] occupation-web ..................................... FAILURE [  5.129 s]
[INFO] ------------------------------------------------------------------------
[INFO] BUILD FAILURE
[INFO] ------------------------------------------------------------------------
[INFO] Total time:  28.451 s
[INFO] Finished at: 2026-07-08T01:30:48+08:00
[INFO] ------------------------------------------------------------------------
[ERROR] Failed to execute goal org.springframework.boot:spring-boot-maven-plugin:2.7.18:repackage (repackage) on project occupation-web: Execution repackage of goal org.springframework.boot:spring-boot-maven-plugin:2.7.18:repackage failed: Unable to rename 'E:\occupation\occupation-web\target\occupation-web-1.0.0-SNAPSHOT.jar' to 'E:\occupation\occupation-web\target\occupation-web-1.0.0-SNAPSHOT.jar.original' -> [Help 1]
[ERROR] 
[ERROR] To see the full stack trace of the errors, re-run Maven with the -e switch.
[ERROR] Re-run Maven using the -X switch to enable full debug logging.
[ERROR] 
[ERROR] For more information about the errors and possible solutions, please read the following articles:
[ERROR] [Help 1] http://cwiki.apache.org/confluence/display/MAVEN/PluginExecutionException
[ERROR] 
[ERROR] After correcting the problems, you can resume the build with the command
[ERROR]   mvn <args> -rf :occupation-web
